---
source: src/custom/conversions.rs
expression: module.to_string()
---
; ModuleID = 'test_context'
source_filename = "test_context"

@0 = private unnamed_addr constant [58 x i8] c"Float value too big to convert to int of given width (64)\00", align 1

define { i32, { { i32, i8* } }, { i64 } } @_hl.main.1(double %0) {
alloca_block:
  %"0" = alloca { i32, { { i32, i8* } }, { i64 } }, align 8
  %"2_0" = alloca double, align 8
  %"4_0" = alloca { i32, { { i32, i8* } }, { i64 } }, align 8
  br label %entry_block

entry_block:                                      ; preds = %alloca_block
  store double %0, double* %"2_0", align 8
  %"2_01" = load double, double* %"2_0", align 8
  %flt_pos = call double @llvm.fabs.f64(double %"2_01")
  %conversion_valid = fcmp ole double %flt_pos, 0x43F0000000000000
  %conversion_valid_i32 = sext i1 %conversion_valid to i32
  %1 = fptoui double %"2_01" to i64
  %result_row = insertvalue { i64 } undef, i64 %1, 0
  %conversion_result = insertvalue { i32, { { i32, i8* } }, { i64 } } { i32 poison, { i32, i8* } { i32 2, i8* getelementptr inbounds ([58 x i8], [58 x i8]* @0, i32 0, i32 0) }, { i64 } poison }, { i64 } %result_row, 2
  %tag = insertvalue { i32, { { i32, i8* } }, { i64 } } %conversion_result, i32 %conversion_valid_i32, 0
  store { i32, { { i32, i8* } }, { i64 } } %tag, { i32, { { i32, i8* } }, { i64 } }* %"4_0", align 8
  %"4_02" = load { i32, { { i32, i8* } }, { i64 } }, { i32, { { i32, i8* } }, { i64 } }* %"4_0", align 8
  store { i32, { { i32, i8* } }, { i64 } } %"4_02", { i32, { { i32, i8* } }, { i64 } }* %"0", align 8
  %"03" = load { i32, { { i32, i8* } }, { i64 } }, { i32, { { i32, i8* } }, { i64 } }* %"0", align 8
  ret { i32, { { i32, i8* } }, { i64 } } %"03"
}

; Function Attrs: nofree nosync nounwind readnone speculatable willreturn
declare double @llvm.fabs.f64(double) #0

attributes #0 = { nofree nosync nounwind readnone speculatable willreturn }
